// Jest Snapshot v1, https://goo.gl/fbAQLP

exports[`create stats (faction) 1`] = `
{
  "firstorder": {
    "count": 6,
    "deviation": 0.2607,
    "frequency": 0.12,
    "percentile": 0.4667,
    "record": {
      "losses": 18,
      "ties": 0,
      "wins": 14,
    },
    "top": 13,
    "winrate": 0.4375,
  },
  "galacticempire": {
    "count": 6,
    "deviation": 0.2692,
    "frequency": 0.12,
    "percentile": 0.5333,
    "record": {
      "losses": 16,
      "ties": 0,
      "wins": 19,
    },
    "top": 1,
    "winrate": 0.5429,
  },
  "galacticrepublic": {
    "count": 6,
    "deviation": 0.3358,
    "frequency": 0.12,
    "percentile": 0.3267,
    "record": {
      "losses": 18,
      "ties": 1,
      "wins": 10,
    },
    "top": 5,
    "winrate": 0.3448,
  },
  "rebelalliance": {
    "count": 15,
    "deviation": 0.2471,
    "frequency": 0.3,
    "percentile": 0.5813,
    "record": {
      "losses": 38,
      "ties": 1,
      "wins": 45,
    },
    "top": 5,
    "winrate": 0.5357,
  },
  "resistance": {
    "count": 7,
    "deviation": 0.3031,
    "frequency": 0.14,
    "percentile": 0.5857,
    "record": {
      "losses": 17,
      "ties": 0,
      "wins": 20,
    },
    "top": 4,
    "winrate": 0.5405,
  },
  "scumandvillainy": {
    "count": 1,
    "deviation": 0,
    "frequency": 0.02,
    "percentile": 0.36,
    "record": {
      "losses": 3,
      "ties": 0,
      "wins": 2,
    },
    "top": 32,
    "winrate": 0.4,
  },
  "separatistalliance": {
    "count": 4,
    "deviation": 0.3401,
    "frequency": 0.08,
    "percentile": 0.61,
    "record": {
      "losses": 9,
      "ties": 0,
      "wins": 18,
    },
    "top": 2,
    "winrate": 0.6667,
  },
  "unknown": {
    "count": 5,
    "deviation": 0.1992,
    "frequency": 0.1,
    "percentile": 0.28,
    "record": {
      "losses": 16,
      "ties": 0,
      "wins": 8,
    },
    "top": 19,
    "winrate": 0.3333,
  },
}
`;

exports[`create stats (pilot) 1`] = `
{
  "firstorder": {
    "commandermalarus": {
      "count": 6,
      "deviation": 0.2607,
      "frequency": 0.12,
      "lists": 6,
      "percentile": 0.4667,
      "record": {
        "losses": 18,
        "ties": 0,
        "wins": 14,
      },
      "score": 3.69,
      "ship": "tiefofighter",
      "winrate": 0.4375,
    },
    "kyloren-tiewiwhispermodifiedinterceptor": {
      "count": 6,
      "deviation": 0.2607,
      "frequency": 0.12,
      "lists": 6,
      "percentile": 0.4667,
      "record": {
        "losses": 18,
        "ties": 0,
        "wins": 14,
      },
      "score": 3.69,
      "ship": "tiewiwhispermodifiedinterceptor",
      "winrate": 0.4375,
    },
    "lieutenantgalek": {
      "count": 2,
      "deviation": 0.01,
      "frequency": 0.04,
      "lists": 2,
      "percentile": 0.73,
      "record": {
        "losses": 5,
        "ties": 0,
        "wins": 7,
      },
      "score": 4.99,
      "ship": "tiefofighter",
      "winrate": 0.5833,
    },
    "lieutenantlehuse": {
      "count": 3,
      "deviation": 0.0929,
      "frequency": 0.06,
      "lists": 3,
      "percentile": 0.6133,
      "record": {
        "losses": 7,
        "ties": 0,
        "wins": 9,
      },
      "score": 5.72,
      "ship": "tiesffighter",
      "winrate": 0.5625,
    },
    "lingaava": {
      "count": 1,
      "deviation": 0,
      "frequency": 0.02,
      "lists": 1,
      "percentile": 0.2,
      "record": {
        "losses": 4,
        "ties": 0,
        "wins": 1,
      },
      "score": 0.6,
      "ship": "tiefofighter",
      "winrate": 0.2,
    },
    "midnight": {
      "count": 2,
      "deviation": 0.03,
      "frequency": 0.04,
      "lists": 2,
      "percentile": 0.55,
      "record": {
        "losses": 4,
        "ties": 0,
        "wins": 6,
      },
      "score": 3.6,
      "ship": "tiefofighter",
      "winrate": 0.6,
    },
    "nightfall": {
      "count": 1,
      "deviation": 0,
      "frequency": 0.02,
      "lists": 1,
      "percentile": 0.72,
      "record": {
        "losses": 2,
        "ties": 0,
        "wins": 4,
      },
      "score": 2.16,
      "ship": "tiewiwhispermodifiedinterceptor",
      "winrate": 0.6667,
    },
    "quickdraw": {
      "count": 5,
      "deviation": 0.2572,
      "frequency": 0.1,
      "lists": 5,
      "percentile": 0.416,
      "record": {
        "losses": 16,
        "ties": 0,
        "wins": 10,
      },
      "score": 2.56,
      "ship": "tiesffighter",
      "winrate": 0.3846,
    },
    "scorch-tiesebomber": {
      "count": 1,
      "deviation": 0,
      "frequency": 0.02,
      "lists": 1,
      "percentile": 0.04,
      "record": {
        "losses": 5,
        "ties": 0,
        "wins": 0,
      },
      "score": 0.12,
      "ship": "tiesebomber",
      "winrate": 0,
    },
    "whirlwind": {
      "count": 2,
      "deviation": 0.08,
      "frequency": 0.04,
      "lists": 2,
      "percentile": 0.12,
      "record": {
        "losses": 9,
        "ties": 0,
        "wins": 1,
      },
      "score": 0.28,
      "ship": "tiewiwhispermodifiedinterceptor",
      "winrate": 0.1,
    },
    "wrath": {
      "count": 1,
      "deviation": 0,
      "frequency": 0.02,
      "lists": 1,
      "percentile": 0.72,
      "record": {
        "losses": 2,
        "ties": 0,
        "wins": 4,
      },
      "score": 2.16,
      "ship": "tiewiwhispermodifiedinterceptor",
      "winrate": 0.6667,
    },
  },
  "galacticempire": {
    "blacksquadronace": {
      "count": 3,
      "deviation": 0,
      "frequency": 0.06,
      "lists": 1,
      "percentile": 0.22,
      "record": {
        "losses": 9,
        "ties": 0,
        "wins": 6,
      },
      "score": 2.42,
      "ship": "tielnfighter",
      "winrate": 0.4,
    },
    "captainjonus": {
      "count": 2,
      "deviation": 0.25,
      "frequency": 0.04,
      "lists": 2,
      "percentile": 0.73,
      "record": {
        "losses": 4,
        "ties": 0,
        "wins": 10,
      },
      "score": 3.33,
      "ship": "tiesabomber",
      "winrate": 0.7143,
    },
    "cienaree": {
      "count": 1,
      "deviation": 0,
      "frequency": 0.02,
      "lists": 1,
      "percentile": 0.8,
      "record": {
        "losses": 3,
        "ties": 0,
        "wins": 3,
      },
      "score": 2.4,
      "ship": "tieininterceptor",
      "winrate": 0.5,
    },
    "darthvader": {
      "count": 1,
      "deviation": 0,
      "frequency": 0.02,
      "lists": 1,
      "percentile": 0.22,
      "record": {
        "losses": 3,
        "ties": 0,
        "wins": 2,
      },
      "score": 0.66,
      "ship": "tieadvancedx1",
      "winrate": 0.4,
    },
    "darthvader-battleofyavin": {
      "count": 3,
      "deviation": 0.2068,
      "frequency": 0.06,
      "lists": 3,
      "percentile": 0.7533,
      "record": {
        "losses": 7,
        "ties": 0,
        "wins": 13,
      },
      "score": 6,
      "ship": "tieadvancedx1",
      "winrate": 0.65,
    },
    "fifthbrother": {
      "count": 3,
      "deviation": 0.2068,
      "frequency": 0.06,
      "lists": 3,
      "percentile": 0.7533,
      "record": {
        "losses": 7,
        "ties": 0,
        "wins": 13,
      },
      "score": 6,
      "ship": "tieadvancedv1",
      "winrate": 0.65,
    },
    "idenversio": {
      "count": 1,
      "deviation": 0,
      "frequency": 0.02,
      "lists": 1,
      "percentile": 0.22,
      "record": {
        "losses": 3,
        "ties": 0,
        "wins": 2,
      },
      "score": 0.66,
      "ship": "tielnfighter",
      "winrate": 0.4,
    },
    "majorrhymer": {
      "count": 3,
      "deviation": 0.3154,
      "frequency": 0.06,
      "lists": 3,
      "percentile": 0.56,
      "record": {
        "losses": 7,
        "ties": 0,
        "wins": 12,
      },
      "score": 2.69,
      "ship": "tiesabomber",
      "winrate": 0.6316,
    },
    "obsidiansquadronpilot": {
      "count": 2,
      "deviation": 0,
      "frequency": 0.04,
      "lists": 1,
      "percentile": 0.4,
      "record": {
        "losses": 6,
        "ties": 0,
        "wins": 4,
      },
      "score": 2.77,
      "ship": "tielnfighter",
      "winrate": 0.4,
    },
    "rearadmiralchiraneau": {
      "count": 1,
      "deviation": 0,
      "frequency": 0.02,
      "lists": 1,
      "percentile": 0.4,
      "record": {
        "losses": 3,
        "ties": 0,
        "wins": 2,
      },
      "score": 1.2,
      "ship": "vt49decimator",
      "winrate": 0.4,
    },
    "sigma4-battleofyavin": {
      "count": 1,
      "deviation": 0,
      "frequency": 0.02,
      "lists": 1,
      "percentile": 0.32,
      "record": {
        "losses": 3,
        "ties": 0,
        "wins": 2,
      },
      "score": 0.96,
      "ship": "tieininterceptor",
      "winrate": 0.4,
    },
    "sigma5-battleofyavin": {
      "count": 1,
      "deviation": 0,
      "frequency": 0.02,
      "lists": 1,
      "percentile": 0.32,
      "record": {
        "losses": 3,
        "ties": 0,
        "wins": 2,
      },
      "score": 0.96,
      "ship": "tieininterceptor",
      "winrate": 0.4,
    },
    "sigma6-battleofyavin": {
      "count": 1,
      "deviation": 0,
      "frequency": 0.02,
      "lists": 1,
      "percentile": 0.32,
      "record": {
        "losses": 3,
        "ties": 0,
        "wins": 2,
      },
      "score": 0.96,
      "ship": "tieininterceptor",
      "winrate": 0.4,
    },
    "sigma7-battleofyavin": {
      "count": 1,
      "deviation": 0,
      "frequency": 0.02,
      "lists": 1,
      "percentile": 0.32,
      "record": {
        "losses": 3,
        "ties": 0,
        "wins": 2,
      },
      "score": 0.96,
      "ship": "tieininterceptor",
      "winrate": 0.4,
    },
    "soontirfel": {
      "count": 2,
      "deviation": 0.2,
      "frequency": 0.04,
      "lists": 2,
      "percentile": 0.6,
      "record": {
        "losses": 6,
        "ties": 0,
        "wins": 5,
      },
      "score": 2.77,
      "ship": "tieininterceptor",
      "winrate": 0.4545,
    },
    "tomaxbren": {
      "count": 2,
      "deviation": 0.25,
      "frequency": 0.04,
      "lists": 2,
      "percentile": 0.73,
      "record": {
        "losses": 4,
        "ties": 0,
        "wins": 10,
      },
      "score": 3.33,
      "ship": "tiesabomber",
      "winrate": 0.7143,
    },
    "vizier": {
      "count": 2,
      "deviation": 0.04,
      "frequency": 0.04,
      "lists": 2,
      "percentile": 0.36,
      "record": {
        "losses": 6,
        "ties": 0,
        "wins": 4,
      },
      "score": 2.22,
      "ship": "tiereaper",
      "winrate": 0.4,
    },
  },
  "galacticrepublic": {
    "ahsokatano": {
      "count": 1,
      "deviation": 0,
      "frequency": 0.02,
      "lists": 1,
      "percentile": 0.1,
      "record": {
        "losses": 4,
        "ties": 0,
        "wins": 1,
      },
      "score": 0.3,
      "ship": "delta7aethersprite",
      "winrate": 0.2,
    },
    "anakinskywalker-eta2actis": {
      "count": 2,
      "deviation": 0.06,
      "frequency": 0.04,
      "lists": 2,
      "percentile": 0.08,
      "record": {
        "losses": 7,
        "ties": 0,
        "wins": 1,
      },
      "score": 0.14,
      "ship": "eta2actis",
      "winrate": 0.125,
    },
    "bokatankryze": {
      "count": 1,
      "deviation": 0,
      "frequency": 0.02,
      "lists": 1,
      "percentile": 0.14,
      "record": {
        "losses": 4,
        "ties": 0,
        "wins": 1,
      },
      "score": 0.42,
      "ship": "gauntletfighter",
      "winrate": 0.2,
    },
    "boost": {
      "count": 1,
      "deviation": 0,
      "frequency": 0.02,
      "lists": 1,
      "percentile": 0.68,
      "record": {
        "losses": 2,
        "ties": 1,
        "wins": 3,
      },
      "score": 2.04,
      "ship": "clonez95headhunter",
      "winrate": 0.5,
    },
    "contrail": {
      "count": 2,
      "deviation": 0.11,
      "frequency": 0.04,
      "lists": 2,
      "percentile": 0.79,
      "record": {
        "losses": 3,
        "ties": 1,
        "wins": 7,
      },
      "score": 4.71,
      "ship": "nimbusclassvwing",
      "winrate": 0.6364,
    },
    "hawk": {
      "count": 2,
      "deviation": 0.02,
      "frequency": 0.04,
      "lists": 2,
      "percentile": 0.12,
      "record": {
        "losses": 8,
        "ties": 0,
        "wins": 2,
      },
      "score": 0.69,
      "ship": "laatigunship",
      "winrate": 0.2,
    },
    "jag-siegeofcoruscant": {
      "count": 2,
      "deviation": 0.39,
      "frequency": 0.04,
      "lists": 2,
      "percentile": 0.51,
      "record": {
        "losses": 5,
        "ties": 0,
        "wins": 5,
      },
      "score": 0.83,
      "ship": "arc170starfighter",
      "winrate": 0.5,
    },
    "kickback-siegeofcoruscant": {
      "count": 2,
      "deviation": 0.11,
      "frequency": 0.04,
      "lists": 2,
      "percentile": 0.79,
      "record": {
        "losses": 3,
        "ties": 1,
        "wins": 7,
      },
      "score": 4.71,
      "ship": "v19torrentstarfighter",
      "winrate": 0.6364,
    },
    "killer": {
      "count": 1,
      "deviation": 0,
      "frequency": 0.02,
      "lists": 1,
      "percentile": 0.9,
      "record": {
        "losses": 1,
        "ties": 0,
        "wins": 4,
      },
      "score": 2.7,
      "ship": "clonez95headhunter",
      "winrate": 0.8,
    },
    "klick": {
      "count": 3,
      "deviation": 0.3739,
      "frequency": 0.06,
      "lists": 3,
      "percentile": 0.5333,
      "record": {
        "losses": 6,
        "ties": 1,
        "wins": 7,
      },
      "score": 1.75,
      "ship": "nimbusclassvwing",
      "winrate": 0.5,
    },
    "knack": {
      "count": 1,
      "deviation": 0,
      "frequency": 0.02,
      "lists": 1,
      "percentile": 0.12,
      "record": {
        "losses": 4,
        "ties": 0,
        "wins": 1,
      },
      "score": 0.36,
      "ship": "clonez95headhunter",
      "winrate": 0.2,
    },
    "matchstick": {
      "count": 1,
      "deviation": 0,
      "frequency": 0.02,
      "lists": 1,
      "percentile": 0.14,
      "record": {
        "losses": 4,
        "ties": 0,
        "wins": 1,
      },
      "score": 0.42,
      "ship": "btlbywing",
      "winrate": 0.2,
    },
    "oddball-nimbusclassvwing": {
      "count": 2,
      "deviation": 0.28,
      "frequency": 0.04,
      "lists": 2,
      "percentile": 0.4,
      "record": {
        "losses": 6,
        "ties": 1,
        "wins": 4,
      },
      "score": 0.83,
      "ship": "nimbusclassvwing",
      "winrate": 0.3636,
    },
    "oddball-siegeofcoruscant": {
      "count": 1,
      "deviation": 0,
      "frequency": 0.02,
      "lists": 1,
      "percentile": 0.02,
      "record": {
        "losses": 3,
        "ties": 0,
        "wins": 0,
      },
      "score": 0.06,
      "ship": "arc170starfighter",
      "winrate": 0,
    },
    "padmeamidala": {
      "count": 2,
      "deviation": 0.33,
      "frequency": 0.04,
      "lists": 2,
      "percentile": 0.35,
      "record": {
        "losses": 5,
        "ties": 1,
        "wins": 3,
      },
      "score": 0.14,
      "ship": "nabooroyaln1starfighter",
      "winrate": 0.3333,
    },
    "ricolie": {
      "count": 1,
      "deviation": 0,
      "frequency": 0.02,
      "lists": 1,
      "percentile": 0.12,
      "record": {
        "losses": 4,
        "ties": 0,
        "wins": 1,
      },
      "score": 0.36,
      "ship": "nabooroyaln1starfighter",
      "winrate": 0.2,
    },
    "shaakti": {
      "count": 1,
      "deviation": 0,
      "frequency": 0.02,
      "lists": 1,
      "percentile": 0.1,
      "record": {
        "losses": 4,
        "ties": 0,
        "wins": 1,
      },
      "score": 0.3,
      "ship": "eta2actis",
      "winrate": 0.2,
    },
    "slider": {
      "count": 2,
      "deviation": 0.29,
      "frequency": 0.04,
      "lists": 2,
      "percentile": 0.39,
      "record": {
        "losses": 6,
        "ties": 1,
        "wins": 4,
      },
      "score": 0.69,
      "ship": "clonez95headhunter",
      "winrate": 0.3636,
    },
    "warthog-clonez95headhunter": {
      "count": 1,
      "deviation": 0,
      "frequency": 0.02,
      "lists": 1,
      "percentile": 0.12,
      "record": {
        "losses": 4,
        "ties": 0,
        "wins": 1,
      },
      "score": 0.36,
      "ship": "clonez95headhunter",
      "winrate": 0.2,
    },
    "wilhufftarkin": {
      "count": 1,
      "deviation": 0,
      "frequency": 0.02,
      "lists": 1,
      "percentile": 0.12,
      "record": {
        "losses": 4,
        "ties": 0,
        "wins": 1,
      },
      "score": 0.36,
      "ship": "nimbusclassvwing",
      "winrate": 0.2,
    },
    "wolffe-siegeofcoruscant": {
      "count": 2,
      "deviation": 0.44,
      "frequency": 0.04,
      "lists": 2,
      "percentile": 0.46,
      "record": {
        "losses": 4,
        "ties": 0,
        "wins": 4,
      },
      "score": 0.14,
      "ship": "arc170starfighter",
      "winrate": 0.5,
    },
    "yoda": {
      "count": 1,
      "deviation": 0,
      "frequency": 0.02,
      "lists": 1,
      "percentile": 0.1,
      "record": {
        "losses": 4,
        "ties": 0,
        "wins": 1,
      },
      "score": 0.3,
      "ship": "eta2actis",
      "winrate": 0.2,
    },
  },
  "rebelalliance": {
    "bodicavenj": {
      "count": 5,
      "deviation": 0.2619,
      "frequency": 0.1,
      "lists": 5,
      "percentile": 0.388,
      "record": {
        "losses": 15,
        "ties": 0,
        "wins": 11,
      },
      "score": 2.03,
      "ship": "fangfighter",
      "winrate": 0.4231,
    },
    "chopper": {
      "count": 1,
      "deviation": 0,
      "frequency": 0.02,
      "lists": 1,
      "percentile": 0.5,
      "record": {
        "losses": 2,
        "ties": 0,
        "wins": 3,
      },
      "score": 1.5,
      "ship": "vcx100lightfreighter",
      "winrate": 0.6,
    },
    "corranhorn-t65xwing": {
      "count": 3,
      "deviation": 0.1948,
      "frequency": 0.06,
      "lists": 3,
      "percentile": 0.7133,
      "record": {
        "losses": 8,
        "ties": 0,
        "wins": 10,
      },
      "score": 5.7,
      "ship": "t65xwing",
      "winrate": 0.5556,
    },
    "fennrau-sheathipedeclassshuttle": {
      "count": 1,
      "deviation": 0,
      "frequency": 0.02,
      "lists": 1,
      "percentile": 0.82,
      "record": {
        "losses": 3,
        "ties": 0,
        "wins": 3,
      },
      "score": 2.46,
      "ship": "sheathipedeclassshuttle",
      "winrate": 0.5,
    },
    "garvendreis": {
      "count": 2,
      "deviation": 0.21,
      "frequency": 0.04,
      "lists": 2,
      "percentile": 0.65,
      "record": {
        "losses": 6,
        "ties": 0,
        "wins": 6,
      },
      "score": 3.05,
      "ship": "arc170starfighter",
      "winrate": 0.5,
    },
    "hansolo-modifiedyt1300lightfreighter": {
      "count": 9,
      "deviation": 0.2453,
      "frequency": 0.18,
      "lists": 9,
      "percentile": 0.5533,
      "record": {
        "losses": 22,
        "ties": 1,
        "wins": 26,
      },
      "score": 6.77,
      "ship": "modifiedyt1300lightfreighter",
      "winrate": 0.5306,
    },
    "herasyndulla-asf01bwing": {
      "count": 1,
      "deviation": 0,
      "frequency": 0.02,
      "lists": 1,
      "percentile": 0.24,
      "record": {
        "losses": 3,
        "ties": 0,
        "wins": 2,
      },
      "score": 0.72,
      "ship": "asf01bwing",
      "winrate": 0.4,
    },
    "herasyndulla-rz1awing": {
      "count": 2,
      "deviation": 0.02,
      "frequency": 0.04,
      "lists": 2,
      "percentile": 0.44,
      "record": {
        "losses": 6,
        "ties": 0,
        "wins": 4,
      },
      "score": 2.91,
      "ship": "rz1awing",
      "winrate": 0.4,
    },
    "holokand-battleofyavin": {
      "count": 4,
      "deviation": 0.2751,
      "frequency": 0.08,
      "lists": 4,
      "percentile": 0.605,
      "record": {
        "losses": 11,
        "ties": 1,
        "wins": 12,
      },
      "score": 4.57,
      "ship": "btla4ywing",
      "winrate": 0.5,
    },
    "hortonsalm-swz106": {
      "count": 1,
      "deviation": 0,
      "frequency": 0.02,
      "lists": 1,
      "percentile": 0.08,
      "record": {
        "losses": 3,
        "ties": 0,
        "wins": 1,
      },
      "score": 0.24,
      "ship": "btla4ywing",
      "winrate": 0.25,
    },
    "jakefarrell": {
      "count": 1,
      "deviation": 0,
      "frequency": 0.02,
      "lists": 1,
      "percentile": 0.34,
      "record": {
        "losses": 3,
        "ties": 0,
        "wins": 2,
      },
      "score": 1.02,
      "ship": "rz1awing",
      "winrate": 0.4,
    },
    "kananjarrus": {
      "count": 1,
      "deviation": 0,
      "frequency": 0.02,
      "lists": 1,
      "percentile": 0.82,
      "record": {
        "losses": 3,
        "ties": 0,
        "wins": 3,
      },
      "score": 2.46,
      "ship": "vcx100lightfreighter",
      "winrate": 0.5,
    },
    "keovenzee": {
      "count": 5,
      "deviation": 0.2629,
      "frequency": 0.1,
      "lists": 5,
      "percentile": 0.52,
      "record": {
        "losses": 13,
        "ties": 0,
        "wins": 13,
      },
      "score": 4.14,
      "ship": "rz1awing",
      "winrate": 0.5,
    },
    "landocalrissian-modifiedyt1300lightfreighter": {
      "count": 2,
      "deviation": 0.08,
      "frequency": 0.04,
      "lists": 2,
      "percentile": 0.62,
      "record": {
        "losses": 3,
        "ties": 0,
        "wins": 8,
      },
      "score": 3.74,
      "ship": "modifiedyt1300lightfreighter",
      "winrate": 0.7273,
    },
    "lukeskywalker-battleofyavin": {
      "count": 7,
      "deviation": 0.2573,
      "frequency": 0.14,
      "lists": 7,
      "percentile": 0.6171,
      "record": {
        "losses": 18,
        "ties": 1,
        "wins": 22,
      },
      "score": 7,
      "ship": "t65xwing",
      "winrate": 0.5366,
    },
    "norrawexley": {
      "count": 1,
      "deviation": 0,
      "frequency": 0.02,
      "lists": 1,
      "percentile": 0.44,
      "record": {
        "losses": 3,
        "ties": 0,
        "wins": 2,
      },
      "score": 1.32,
      "ship": "arc170starfighter",
      "winrate": 0.4,
    },
    "sabinewren-tielnfighter": {
      "count": 9,
      "deviation": 0.2461,
      "frequency": 0.18,
      "lists": 9,
      "percentile": 0.6222,
      "record": {
        "losses": 20,
        "ties": 1,
        "wins": 30,
      },
      "score": 8.26,
      "ship": "tielnfighter",
      "winrate": 0.5882,
    },
    "sawgerrera": {
      "count": 1,
      "deviation": 0,
      "frequency": 0.02,
      "lists": 1,
      "percentile": 0.88,
      "record": {
        "losses": 2,
        "ties": 0,
        "wins": 5,
      },
      "score": 2.64,
      "ship": "ut60duwing",
      "winrate": 0.7143,
    },
    "thanekyrell": {
      "count": 7,
      "deviation": 0.1698,
      "frequency": 0.14,
      "lists": 7,
      "percentile": 0.6771,
      "record": {
        "losses": 16,
        "ties": 0,
        "wins": 25,
      },
      "score": 9.87,
      "ship": "t65xwing",
      "winrate": 0.6098,
    },
    "tychocelchu": {
      "count": 1,
      "deviation": 0,
      "frequency": 0.02,
      "lists": 1,
      "percentile": 0.46,
      "record": {
        "losses": 3,
        "ties": 0,
        "wins": 2,
      },
      "score": 1.38,
      "ship": "rz1awing",
      "winrate": 0.4,
    },
    "wedgeantilles": {
      "count": 2,
      "deviation": 0.18,
      "frequency": 0.04,
      "lists": 2,
      "percentile": 0.68,
      "record": {
        "losses": 5,
        "ties": 0,
        "wins": 7,
      },
      "score": 3.47,
      "ship": "t65xwing",
      "winrate": 0.5833,
    },
    "wedgeantilles-rz1awing": {
      "count": 4,
      "deviation": 0.2587,
      "frequency": 0.08,
      "lists": 4,
      "percentile": 0.67,
      "record": {
        "losses": 10,
        "ties": 1,
        "wins": 13,
      },
      "score": 5.7,
      "ship": "rz1awing",
      "winrate": 0.5417,
    },
  },
  "resistance": {
    "bb8": {
      "count": 2,
      "deviation": 0.39,
      "frequency": 0.04,
      "lists": 2,
      "percentile": 0.39,
      "record": {
        "losses": 4,
        "ties": 0,
        "wins": 3,
      },
      "score": 0.01,
      "ship": "resistancetransportpod",
      "winrate": 0.4286,
    },
    "coruskapellim": {
      "count": 1,
      "deviation": 0,
      "frequency": 0.02,
      "lists": 1,
      "percentile": 0.78,
      "record": {
        "losses": 2,
        "ties": 0,
        "wins": 3,
      },
      "score": 2.34,
      "ship": "btanr2ywing",
      "winrate": 0.6,
    },
    "elloasty": {
      "count": 7,
      "deviation": 0.3031,
      "frequency": 0.14,
      "lists": 7,
      "percentile": 0.5857,
      "record": {
        "losses": 17,
        "ties": 0,
        "wins": 20,
      },
      "score": 5.5,
      "ship": "t70xwing",
      "winrate": 0.5405,
    },
    "jessikapava": {
      "count": 1,
      "deviation": 0,
      "frequency": 0.02,
      "lists": 1,
      "percentile": 0.78,
      "record": {
        "losses": 3,
        "ties": 0,
        "wins": 3,
      },
      "score": 2.34,
      "ship": "t70xwing",
      "winrate": 0.5,
    },
    "karekun": {
      "count": 1,
      "deviation": 0,
      "frequency": 0.02,
      "lists": 1,
      "percentile": 0.78,
      "record": {
        "losses": 3,
        "ties": 0,
        "wins": 3,
      },
      "score": 2.34,
      "ship": "t70xwing",
      "winrate": 0.5,
    },
    "lulolampar": {
      "count": 3,
      "deviation": 0.0993,
      "frequency": 0.06,
      "lists": 3,
      "percentile": 0.7,
      "record": {
        "losses": 7,
        "ties": 0,
        "wins": 9,
      },
      "score": 6.6,
      "ship": "rz2awing",
      "winrate": 0.5625,
    },
    "merlcobben": {
      "count": 1,
      "deviation": 0,
      "frequency": 0.02,
      "lists": 1,
      "percentile": 0.3,
      "record": {
        "losses": 3,
        "ties": 0,
        "wins": 2,
      },
      "score": 0.9,
      "ship": "rz2awing",
      "winrate": 0.4,
    },
    "niennunb": {
      "count": 3,
      "deviation": 0.1473,
      "frequency": 0.06,
      "lists": 3,
      "percentile": 0.7467,
      "record": {
        "losses": 7,
        "ties": 0,
        "wins": 12,
      },
      "score": 6.59,
      "ship": "t70xwing",
      "winrate": 0.6316,
    },
    "poedameron": {
      "count": 1,
      "deviation": 0,
      "frequency": 0.02,
      "lists": 1,
      "percentile": 0.78,
      "record": {
        "losses": 2,
        "ties": 0,
        "wins": 3,
      },
      "score": 2.34,
      "ship": "t70xwing",
      "winrate": 0.6,
    },
    "poedameron-scavengedyt1300": {
      "count": 1,
      "deviation": 0,
      "frequency": 0.02,
      "lists": 1,
      "percentile": 0.76,
      "record": {
        "losses": 3,
        "ties": 0,
        "wins": 3,
      },
      "score": 2.28,
      "ship": "scavengedyt1300",
      "winrate": 0.5,
    },
    "poedameron-swz68": {
      "count": 1,
      "deviation": 0,
      "frequency": 0.02,
      "lists": 1,
      "percentile": 0.3,
      "record": {
        "losses": 3,
        "ties": 0,
        "wins": 2,
      },
      "score": 0.9,
      "ship": "t70xwing",
      "winrate": 0.4,
    },
    "rey": {
      "count": 4,
      "deviation": 0.3383,
      "frequency": 0.08,
      "lists": 4,
      "percentile": 0.445,
      "record": {
        "losses": 9,
        "ties": 0,
        "wins": 11,
      },
      "score": 1.48,
      "ship": "scavengedyt1300",
      "winrate": 0.55,
    },
    "temminwexley": {
      "count": 2,
      "deviation": 0.39,
      "frequency": 0.04,
      "lists": 2,
      "percentile": 0.39,
      "record": {
        "losses": 5,
        "ties": 0,
        "wins": 3,
      },
      "score": 0.01,
      "ship": "t70xwing",
      "winrate": 0.375,
    },
    "venisadoza": {
      "count": 1,
      "deviation": 0,
      "frequency": 0.02,
      "lists": 1,
      "percentile": 0.78,
      "record": {
        "losses": 3,
        "ties": 0,
        "wins": 3,
      },
      "score": 2.34,
      "ship": "t70xwing",
      "winrate": 0.5,
    },
    "wrobietyce": {
      "count": 1,
      "deviation": 0,
      "frequency": 0.02,
      "lists": 1,
      "percentile": 0,
      "record": {
        "losses": 2,
        "ties": 0,
        "wins": 0,
      },
      "score": 0,
      "ship": "rz2awing",
      "winrate": 0,
    },
    "zoriibliss": {
      "count": 1,
      "deviation": 0,
      "frequency": 0.02,
      "lists": 1,
      "percentile": 0.92,
      "record": {
        "losses": 2,
        "ties": 0,
        "wins": 6,
      },
      "score": 2.76,
      "ship": "btanr2ywing",
      "winrate": 0.75,
    },
  },
  "scumandvillainy": {
    "fennrau": {
      "count": 1,
      "deviation": 0,
      "frequency": 0.02,
      "lists": 1,
      "percentile": 0.36,
      "record": {
        "losses": 3,
        "ties": 0,
        "wins": 2,
      },
      "score": 1.08,
      "ship": "fangfighter",
      "winrate": 0.4,
    },
    "joyrekkoff": {
      "count": 1,
      "deviation": 0,
      "frequency": 0.02,
      "lists": 1,
      "percentile": 0.36,
      "record": {
        "losses": 3,
        "ties": 0,
        "wins": 2,
      },
      "score": 1.08,
      "ship": "fangfighter",
      "winrate": 0.4,
    },
    "oldteroch": {
      "count": 1,
      "deviation": 0,
      "frequency": 0.02,
      "lists": 1,
      "percentile": 0.36,
      "record": {
        "losses": 3,
        "ties": 0,
        "wins": 2,
      },
      "score": 1.08,
      "ship": "fangfighter",
      "winrate": 0.4,
    },
    "palobgodalhi": {
      "count": 1,
      "deviation": 0,
      "frequency": 0.02,
      "lists": 1,
      "percentile": 0.36,
      "record": {
        "losses": 3,
        "ties": 0,
        "wins": 2,
      },
      "score": 1.08,
      "ship": "hwk290lightfreighter",
      "winrate": 0.4,
    },
  },
  "separatistalliance": {
    "dfs081": {
      "count": 3,
      "deviation": 0.3159,
      "frequency": 0.06,
      "lists": 3,
      "percentile": 0.7267,
      "record": {
        "losses": 6,
        "ties": 0,
        "wins": 16,
      },
      "score": 4.51,
      "ship": "vultureclassdroidfighter",
      "winrate": 0.7273,
    },
    "dfs311": {
      "count": 1,
      "deviation": 0,
      "frequency": 0.02,
      "lists": 1,
      "percentile": 0.26,
      "record": {
        "losses": 3,
        "ties": 0,
        "wins": 2,
      },
      "score": 0.78,
      "ship": "vultureclassdroidfighter",
      "winrate": 0.4,
    },
    "dist81-siegeofcoruscant": {
      "count": 1,
      "deviation": 0,
      "frequency": 0.02,
      "lists": 1,
      "percentile": 0.96,
      "record": {
        "losses": 2,
        "ties": 0,
        "wins": 7,
      },
      "score": 2.88,
      "ship": "droidtrifighter",
      "winrate": 0.7778,
    },
    "durge-separatistalliance": {
      "count": 3,
      "deviation": 0.3254,
      "frequency": 0.06,
      "lists": 3,
      "percentile": 0.72,
      "record": {
        "losses": 6,
        "ties": 0,
        "wins": 16,
      },
      "score": 4.34,
      "ship": "rogueclassstarfighter",
      "winrate": 0.7273,
    },
    "generalgrievous": {
      "count": 2,
      "deviation": 0.35,
      "frequency": 0.04,
      "lists": 2,
      "percentile": 0.61,
      "record": {
        "losses": 5,
        "ties": 0,
        "wins": 9,
      },
      "score": 1.8,
      "ship": "belbullab22starfighter",
      "winrate": 0.6429,
    },
    "haorchallprototype": {
      "count": 2,
      "deviation": 0,
      "frequency": 0.04,
      "lists": 1,
      "percentile": 0.28,
      "record": {
        "losses": 6,
        "ties": 0,
        "wins": 4,
      },
      "score": 1.94,
      "ship": "vultureclassdroidfighter",
      "winrate": 0.4,
    },
    "jangofett": {
      "count": 1,
      "deviation": 0,
      "frequency": 0.02,
      "lists": 1,
      "percentile": 0.26,
      "record": {
        "losses": 3,
        "ties": 0,
        "wins": 2,
      },
      "score": 0.78,
      "ship": "firesprayclasspatrolcraft",
      "winrate": 0.4,
    },
    "kelrodoaiholdout": {
      "count": 2,
      "deviation": 0,
      "frequency": 0.04,
      "lists": 1,
      "percentile": 0.28,
      "record": {
        "losses": 6,
        "ties": 0,
        "wins": 4,
      },
      "score": 1.94,
      "ship": "vultureclassdroidfighter",
      "winrate": 0.4,
    },
    "onderonoppressor": {
      "count": 2,
      "deviation": 0,
      "frequency": 0.04,
      "lists": 1,
      "percentile": 0.28,
      "record": {
        "losses": 6,
        "ties": 0,
        "wins": 4,
      },
      "score": 1.94,
      "ship": "hmpdroidgunship",
      "winrate": 0.4,
    },
    "previzsla": {
      "count": 1,
      "deviation": 0,
      "frequency": 0.02,
      "lists": 1,
      "percentile": 0.94,
      "record": {
        "losses": 1,
        "ties": 0,
        "wins": 7,
      },
      "score": 2.82,
      "ship": "gauntletfighter",
      "winrate": 0.875,
    },
    "sunfac": {
      "count": 1,
      "deviation": 0,
      "frequency": 0.02,
      "lists": 1,
      "percentile": 0.96,
      "record": {
        "losses": 2,
        "ties": 0,
        "wins": 7,
      },
      "score": 2.88,
      "ship": "nantexclassstarfighter",
      "winrate": 0.7778,
    },
    "theironassembler": {
      "count": 1,
      "deviation": 0,
      "frequency": 0.02,
      "lists": 1,
      "percentile": 0.28,
      "record": {
        "losses": 3,
        "ties": 0,
        "wins": 2,
      },
      "score": 0.84,
      "ship": "vultureclassdroidfighter",
      "winrate": 0.4,
    },
    "zamwesell": {
      "count": 1,
      "deviation": 0,
      "frequency": 0.02,
      "lists": 1,
      "percentile": 0.94,
      "record": {
        "losses": 1,
        "ties": 0,
        "wins": 7,
      },
      "score": 2.82,
      "ship": "firesprayclasspatrolcraft",
      "winrate": 0.875,
    },
  },
}
`;

exports[`create stats (pilotCostDistribution) 1`] = `
{
  "1": 0,
  "2": 27,
  "3": 48,
  "4": 74,
  "5": 38,
  "6": 10,
  "7": 20,
  "8": 2,
  "9": 0,
}
`;

exports[`create stats (squadSizes) 1`] = `
{
  "3": 0,
  "4": 14,
  "5": 26,
  "6": 3,
  "7": 1,
  "8": 1,
}
`;

exports[`create stats (tournament) 1`] = `
{
  "count": 50,
  "cut": 16,
  "xws": 45,
}
`;
