// Jest Snapshot v1, https://goo.gl/fbAQLP

exports[`analyze 1`] = `
[
  {
    "occurrence": 0.43,
    "refs": [
      0,
      1,
      5,
      6,
      9,
      10,
      14,
      15,
      20,
    ],
    "score": 0.51,
    "set": [
      "backstabber-battleofyavin",
      "darthvader-battleofyavin",
      "maulermithel-battleofyavin",
    ],
  },
  {
    "occurrence": 0.14,
    "refs": [
      0,
      5,
      6,
    ],
    "score": 0.5,
    "set": [
      "backstabber-battleofyavin",
      "blacksquadronace",
      "darthvader-battleofyavin",
      "flightleaderubbel",
      "maulermithel-battleofyavin",
    ],
  },
  {
    "occurrence": 0.1,
    "refs": [
      2,
      13,
    ],
    "score": 0.48,
    "set": [
      "blacksquadronace",
      "blacksquadronace",
      "darthvader-tieddefender",
      "idenversio",
      "vizier",
    ],
  },
  {
    "occurrence": 0.24,
    "refs": [
      9,
      10,
      14,
      15,
      20,
    ],
    "score": 0.48,
    "set": [
      "backstabber-battleofyavin",
      "darthvader-battleofyavin",
      "idenversio",
      "maulermithel-battleofyavin",
    ],
  },
  {
    "occurrence": 0.1,
    "refs": [
      9,
      10,
    ],
    "score": 0.48,
    "set": [
      "backstabber-battleofyavin",
      "darthvader-battleofyavin",
      "idenversio",
      "maulermithel-battleofyavin",
      "vizier",
    ],
  },
  {
    "occurrence": 0.48,
    "refs": [
      0,
      1,
      5,
      6,
      9,
      10,
      14,
      15,
      19,
      20,
    ],
    "score": 0.46,
    "set": [
      "darthvader-battleofyavin",
      "maulermithel-battleofyavin",
    ],
  },
  {
    "occurrence": 0.19,
    "refs": [
      0,
      5,
      6,
      14,
    ],
    "score": 0.45,
    "set": [
      "backstabber-battleofyavin",
      "blacksquadronace",
      "darthvader-battleofyavin",
      "maulermithel-battleofyavin",
    ],
  },
  {
    "occurrence": 0.19,
    "refs": [
      0,
      5,
      6,
      19,
    ],
    "score": 0.45,
    "set": [
      "blacksquadronace",
      "darthvader-battleofyavin",
      "flightleaderubbel",
      "maulermithel-battleofyavin",
    ],
  },
  {
    "occurrence": 0.43,
    "refs": [
      0,
      1,
      5,
      6,
      9,
      10,
      14,
      15,
      20,
    ],
    "score": 0.43,
    "set": [
      "backstabber-battleofyavin",
      "darthvader-battleofyavin",
    ],
  },
  {
    "occurrence": 0.43,
    "refs": [
      0,
      1,
      5,
      6,
      9,
      10,
      14,
      15,
      20,
    ],
    "score": 0.43,
    "set": [
      "backstabber-battleofyavin",
      "maulermithel-battleofyavin",
    ],
  },
  {
    "occurrence": 0.14,
    "refs": [
      0,
      5,
      6,
    ],
    "score": 0.42,
    "set": [
      "backstabber-battleofyavin",
      "blacksquadronace",
      "darthvader-battleofyavin",
      "flightleaderubbel",
    ],
  },
  {
    "occurrence": 0.14,
    "refs": [
      0,
      5,
      6,
    ],
    "score": 0.42,
    "set": [
      "backstabber-battleofyavin",
      "blacksquadronace",
      "flightleaderubbel",
      "maulermithel-battleofyavin",
    ],
  },
  {
    "occurrence": 0.14,
    "refs": [
      0,
      5,
      6,
    ],
    "score": 0.42,
    "set": [
      "backstabber-battleofyavin",
      "darthvader-battleofyavin",
      "flightleaderubbel",
      "maulermithel-battleofyavin",
    ],
  },
  {
    "occurrence": 0.24,
    "refs": [
      0,
      5,
      6,
      14,
      19,
    ],
    "score": 0.4,
    "set": [
      "blacksquadronace",
      "darthvader-battleofyavin",
      "maulermithel-battleofyavin",
    ],
  },
  {
    "occurrence": 0.1,
    "refs": [
      2,
      13,
    ],
    "score": 0.4,
    "set": [
      "blacksquadronace",
      "blacksquadronace",
      "darthvader-tieddefender",
      "idenversio",
    ],
  },
  {
    "occurrence": 0.1,
    "refs": [
      2,
      13,
    ],
    "score": 0.4,
    "set": [
      "blacksquadronace",
      "blacksquadronace",
      "darthvader-tieddefender",
      "vizier",
    ],
  },
  {
    "occurrence": 0.1,
    "refs": [
      2,
      13,
    ],
    "score": 0.4,
    "set": [
      "blacksquadronace",
      "blacksquadronace",
      "idenversio",
      "vizier",
    ],
  },
  {
    "occurrence": 0.1,
    "refs": [
      2,
      13,
    ],
    "score": 0.4,
    "set": [
      "blacksquadronace",
      "darthvader-tieddefender",
      "idenversio",
      "vizier",
    ],
  },
  {
    "occurrence": 0.1,
    "refs": [
      7,
      8,
    ],
    "score": 0.4,
    "set": [
      "captainferoph",
      "darthvader-tieddefender",
      "idenversio",
      "vizier",
    ],
  },
  {
    "occurrence": 0.24,
    "refs": [
      9,
      10,
      14,
      15,
      20,
    ],
    "score": 0.4,
    "set": [
      "backstabber-battleofyavin",
      "darthvader-battleofyavin",
      "idenversio",
    ],
  },
  {
    "occurrence": 0.24,
    "refs": [
      9,
      10,
      14,
      15,
      20,
    ],
    "score": 0.4,
    "set": [
      "backstabber-battleofyavin",
      "idenversio",
      "maulermithel-battleofyavin",
    ],
  },
  {
    "occurrence": 0.24,
    "refs": [
      9,
      10,
      14,
      15,
      20,
    ],
    "score": 0.4,
    "set": [
      "darthvader-battleofyavin",
      "idenversio",
      "maulermithel-battleofyavin",
    ],
  },
  {
    "occurrence": 0.1,
    "refs": [
      9,
      10,
    ],
    "score": 0.4,
    "set": [
      "backstabber-battleofyavin",
      "darthvader-battleofyavin",
      "idenversio",
      "vizier",
    ],
  },
  {
    "occurrence": 0.1,
    "refs": [
      9,
      10,
    ],
    "score": 0.4,
    "set": [
      "backstabber-battleofyavin",
      "darthvader-battleofyavin",
      "maulermithel-battleofyavin",
      "vizier",
    ],
  },
  {
    "occurrence": 0.1,
    "refs": [
      9,
      10,
    ],
    "score": 0.4,
    "set": [
      "backstabber-battleofyavin",
      "idenversio",
      "maulermithel-battleofyavin",
      "vizier",
    ],
  },
  {
    "occurrence": 0.1,
    "refs": [
      9,
      10,
    ],
    "score": 0.4,
    "set": [
      "darthvader-battleofyavin",
      "idenversio",
      "maulermithel-battleofyavin",
      "vizier",
    ],
  },
  {
    "occurrence": 0.1,
    "refs": [
      12,
      14,
    ],
    "score": 0.4,
    "set": [
      "blacksquadronace",
      "blacksquadronace",
      "darthvader-battleofyavin",
      "idenversio",
    ],
  },
  {
    "occurrence": 0.19,
    "refs": [
      0,
      5,
      6,
      14,
    ],
    "score": 0.37,
    "set": [
      "backstabber-battleofyavin",
      "blacksquadronace",
      "darthvader-battleofyavin",
    ],
  },
  {
    "occurrence": 0.19,
    "refs": [
      0,
      5,
      6,
      19,
    ],
    "score": 0.37,
    "set": [
      "blacksquadronace",
      "darthvader-battleofyavin",
      "flightleaderubbel",
    ],
  },
  {
    "occurrence": 0.19,
    "refs": [
      0,
      5,
      6,
      14,
    ],
    "score": 0.37,
    "set": [
      "backstabber-battleofyavin",
      "blacksquadronace",
      "maulermithel-battleofyavin",
    ],
  },
  {
    "occurrence": 0.19,
    "refs": [
      0,
      5,
      6,
      19,
    ],
    "score": 0.37,
    "set": [
      "blacksquadronace",
      "flightleaderubbel",
      "maulermithel-battleofyavin",
    ],
  },
  {
    "occurrence": 0.19,
    "refs": [
      0,
      5,
      6,
      19,
    ],
    "score": 0.37,
    "set": [
      "darthvader-battleofyavin",
      "flightleaderubbel",
      "maulermithel-battleofyavin",
    ],
  },
  {
    "occurrence": 0.19,
    "refs": [
      2,
      12,
      13,
      14,
    ],
    "score": 0.37,
    "set": [
      "blacksquadronace",
      "blacksquadronace",
      "idenversio",
    ],
  },
  {
    "occurrence": 0.19,
    "refs": [
      2,
      7,
      8,
      13,
    ],
    "score": 0.37,
    "set": [
      "darthvader-tieddefender",
      "idenversio",
      "vizier",
    ],
  },
  {
    "occurrence": 0.33,
    "refs": [
      4,
      9,
      10,
      12,
      14,
      15,
      20,
    ],
    "score": 0.37,
    "set": [
      "darthvader-battleofyavin",
      "idenversio",
    ],
  },
  {
    "occurrence": 0.29,
    "refs": [
      0,
      5,
      6,
      12,
      14,
      19,
    ],
    "score": 0.34,
    "set": [
      "blacksquadronace",
      "darthvader-battleofyavin",
    ],
  },
  {
    "occurrence": 0.14,
    "refs": [
      0,
      5,
      6,
    ],
    "score": 0.34,
    "set": [
      "backstabber-battleofyavin",
      "blacksquadronace",
      "flightleaderubbel",
    ],
  },
  {
    "occurrence": 0.14,
    "refs": [
      0,
      5,
      6,
    ],
    "score": 0.34,
    "set": [
      "backstabber-battleofyavin",
      "darthvader-battleofyavin",
      "flightleaderubbel",
    ],
  },
  {
    "occurrence": 0.14,
    "refs": [
      0,
      5,
      6,
    ],
    "score": 0.34,
    "set": [
      "backstabber-battleofyavin",
      "flightleaderubbel",
      "maulermithel-battleofyavin",
    ],
  },
  {
    "occurrence": 0.29,
    "refs": [
      2,
      7,
      8,
      9,
      10,
      13,
    ],
    "score": 0.34,
    "set": [
      "idenversio",
      "vizier",
    ],
  },
  {
    "occurrence": 0.24,
    "refs": [
      0,
      5,
      6,
      14,
      19,
    ],
    "score": 0.31,
    "set": [
      "blacksquadronace",
      "maulermithel-battleofyavin",
    ],
  },
  {
    "occurrence": 0.1,
    "refs": [
      2,
      13,
    ],
    "score": 0.31,
    "set": [
      "blacksquadronace",
      "blacksquadronace",
      "darthvader-tieddefender",
    ],
  },
  {
    "occurrence": 0.1,
    "refs": [
      2,
      13,
    ],
    "score": 0.31,
    "set": [
      "blacksquadronace",
      "darthvader-tieddefender",
      "idenversio",
    ],
  },
  {
    "occurrence": 0.1,
    "refs": [
      2,
      13,
    ],
    "score": 0.31,
    "set": [
      "blacksquadronace",
      "blacksquadronace",
      "vizier",
    ],
  },
  {
    "occurrence": 0.24,
    "refs": [
      2,
      7,
      8,
      13,
      16,
    ],
    "score": 0.31,
    "set": [
      "darthvader-tieddefender",
      "vizier",
    ],
  },
  {
    "occurrence": 0.1,
    "refs": [
      2,
      13,
    ],
    "score": 0.31,
    "set": [
      "blacksquadronace",
      "darthvader-tieddefender",
      "vizier",
    ],
  },
  {
    "occurrence": 0.1,
    "refs": [
      2,
      13,
    ],
    "score": 0.31,
    "set": [
      "blacksquadronace",
      "idenversio",
      "vizier",
    ],
  },
  {
    "occurrence": 0.1,
    "refs": [
      7,
      8,
    ],
    "score": 0.31,
    "set": [
      "captainferoph",
      "darthvader-tieddefender",
      "idenversio",
    ],
  },
  {
    "occurrence": 0.1,
    "refs": [
      7,
      8,
    ],
    "score": 0.31,
    "set": [
      "captainferoph",
      "darthvader-tieddefender",
      "vizier",
    ],
  },
  {
    "occurrence": 0.1,
    "refs": [
      7,
      8,
    ],
    "score": 0.31,
    "set": [
      "captainferoph",
      "idenversio",
      "vizier",
    ],
  },
  {
    "occurrence": 0.24,
    "refs": [
      9,
      10,
      14,
      15,
      20,
    ],
    "score": 0.31,
    "set": [
      "backstabber-battleofyavin",
      "idenversio",
    ],
  },
  {
    "occurrence": 0.24,
    "refs": [
      9,
      10,
      14,
      15,
      20,
    ],
    "score": 0.31,
    "set": [
      "idenversio",
      "maulermithel-battleofyavin",
    ],
  },
  {
    "occurrence": 0.1,
    "refs": [
      9,
      10,
    ],
    "score": 0.31,
    "set": [
      "backstabber-battleofyavin",
      "darthvader-battleofyavin",
      "vizier",
    ],
  },
  {
    "occurrence": 0.1,
    "refs": [
      9,
      10,
    ],
    "score": 0.31,
    "set": [
      "backstabber-battleofyavin",
      "idenversio",
      "vizier",
    ],
  },
  {
    "occurrence": 0.1,
    "refs": [
      9,
      10,
    ],
    "score": 0.31,
    "set": [
      "darthvader-battleofyavin",
      "idenversio",
      "vizier",
    ],
  },
  {
    "occurrence": 0.1,
    "refs": [
      9,
      10,
    ],
    "score": 0.31,
    "set": [
      "backstabber-battleofyavin",
      "maulermithel-battleofyavin",
      "vizier",
    ],
  },
  {
    "occurrence": 0.1,
    "refs": [
      9,
      10,
    ],
    "score": 0.31,
    "set": [
      "darthvader-battleofyavin",
      "maulermithel-battleofyavin",
      "vizier",
    ],
  },
  {
    "occurrence": 0.1,
    "refs": [
      9,
      10,
    ],
    "score": 0.31,
    "set": [
      "idenversio",
      "maulermithel-battleofyavin",
      "vizier",
    ],
  },
  {
    "occurrence": 0.1,
    "refs": [
      12,
      14,
    ],
    "score": 0.31,
    "set": [
      "blacksquadronace",
      "blacksquadronace",
      "darthvader-battleofyavin",
    ],
  },
  {
    "occurrence": 0.1,
    "refs": [
      12,
      14,
    ],
    "score": 0.31,
    "set": [
      "blacksquadronace",
      "darthvader-battleofyavin",
      "idenversio",
    ],
  },
  {
    "occurrence": 0.19,
    "refs": [
      0,
      5,
      6,
      14,
    ],
    "score": 0.28,
    "set": [
      "backstabber-battleofyavin",
      "blacksquadronace",
    ],
  },
  {
    "occurrence": 0.19,
    "refs": [
      0,
      5,
      6,
      19,
    ],
    "score": 0.28,
    "set": [
      "blacksquadronace",
      "flightleaderubbel",
    ],
  },
  {
    "occurrence": 0.19,
    "refs": [
      0,
      5,
      6,
      19,
    ],
    "score": 0.28,
    "set": [
      "darthvader-battleofyavin",
      "flightleaderubbel",
    ],
  },
  {
    "occurrence": 0.19,
    "refs": [
      0,
      5,
      6,
      19,
    ],
    "score": 0.28,
    "set": [
      "flightleaderubbel",
      "maulermithel-battleofyavin",
    ],
  },
  {
    "occurrence": 0.19,
    "refs": [
      2,
      12,
      13,
      14,
    ],
    "score": 0.28,
    "set": [
      "blacksquadronace",
      "blacksquadronace",
    ],
  },
  {
    "occurrence": 0.19,
    "refs": [
      2,
      12,
      13,
      14,
    ],
    "score": 0.28,
    "set": [
      "blacksquadronace",
      "idenversio",
    ],
  },
  {
    "occurrence": 0.19,
    "refs": [
      2,
      7,
      8,
      13,
    ],
    "score": 0.28,
    "set": [
      "darthvader-tieddefender",
      "idenversio",
    ],
  },
  {
    "occurrence": 0.14,
    "refs": [
      0,
      5,
      6,
    ],
    "score": 0.25,
    "set": [
      "backstabber-battleofyavin",
      "flightleaderubbel",
    ],
  },
  {
    "occurrence": 0.14,
    "refs": [
      2,
      11,
      13,
    ],
    "score": 0.25,
    "set": [
      "blacksquadronace",
      "darthvader-tieddefender",
    ],
  },
  {
    "occurrence": 0.14,
    "refs": [
      7,
      8,
      18,
    ],
    "score": 0.25,
    "set": [
      "captainferoph",
      "darthvader-tieddefender",
    ],
  },
  {
    "occurrence": 0.14,
    "refs": [
      7,
      8,
      17,
    ],
    "score": 0.25,
    "set": [
      "captainferoph",
      "vizier",
    ],
  },
  {
    "occurrence": 0.1,
    "refs": [
      1,
      4,
    ],
    "score": 0.23,
    "set": [
      "darthvader-battleofyavin",
      "moffgideon",
    ],
  },
  {
    "occurrence": 0.1,
    "refs": [
      2,
      13,
    ],
    "score": 0.23,
    "set": [
      "blacksquadronace",
      "vizier",
    ],
  },
  {
    "occurrence": 0.1,
    "refs": [
      3,
      15,
    ],
    "score": 0.23,
    "set": [
      "darthvader-battleofyavin",
      "junoeclipse",
    ],
  },
  {
    "occurrence": 0.1,
    "refs": [
      7,
      8,
    ],
    "score": 0.23,
    "set": [
      "captainferoph",
      "idenversio",
    ],
  },
  {
    "occurrence": 0.1,
    "refs": [
      9,
      10,
    ],
    "score": 0.23,
    "set": [
      "backstabber-battleofyavin",
      "vizier",
    ],
  },
  {
    "occurrence": 0.1,
    "refs": [
      9,
      10,
    ],
    "score": 0.23,
    "set": [
      "darthvader-battleofyavin",
      "vizier",
    ],
  },
  {
    "occurrence": 0.1,
    "refs": [
      9,
      10,
    ],
    "score": 0.23,
    "set": [
      "maulermithel-battleofyavin",
      "vizier",
    ],
  },
]
`;
